 test_socket

 Timestamp is 6406bd1e (Tue Mar 07 12:27:10 2023)

 Preferred load address is 00400000

 Start         Length     Name                   Class
 0001:00000000 00011881H .text                   CODE
 0001:00011881 0001000fH .textbss                CODE
 0002:00000000 00001894H .rdata                  DATA
 0002:000018a0 00000162H .edata                  DATA
 0003:00000000 00000104H .CRT$XCA                DATA
 0003:00000104 00000104H .CRT$XCZ                DATA
 0003:00000208 00000104H .CRT$XIA                DATA
 0003:0000030c 00000109H .CRT$XIC                DATA
 0003:00000418 00000104H .CRT$XIZ                DATA
 0003:0000051c 00000104H .CRT$XPA                DATA
 0003:00000620 00000104H .CRT$XPX                DATA
 0003:00000724 00000104H .CRT$XPZ                DATA
 0003:00000828 00000104H .CRT$XTA                DATA
 0003:0000092c 00000104H .CRT$XTZ                DATA
 0003:00000a30 00000c0cH .data                   DATA
 0003:0000163c 000019a8H .bss                    DATA
 0004:00000000 00000050H .idata$2                DATA
 0004:00000050 00000014H .idata$3                DATA
 0004:00000064 00000248H .idata$4                DATA
 0004:000002ac 00000248H .idata$5                DATA
 0004:000004f4 00000767H .idata$6                DATA

  Address         Publics by Value              Rva+Base     Lib:Object

 0001:00000040       _OPENSSL_Applink           00401040 f   test_socket.obj
 0001:000003a0       ?create_socket@@YAHQADPAUbio_st@@@Z 004013a0 f   test_socket.obj
 0001:000006b0       ?LoadCertificates@@YAXPAUssl_ctx_st@@PAD11@Z 004016b0 f   test_socket.obj
 0001:000007f0       ?ShowCerts@@YAXPAUssl_st@@@Z 004017f0 f   test_socket.obj
 0001:00000910       _main                      00401910 f   test_socket.obj
 0001:00000d0c       _SSL_CTX_check_private_key 00401d0c f   libssl:libssl-3.dll
 0001:00000d12       _SSL_CTX_use_certificate_chain_file 00401d12 f   libssl:libssl-3.dll
 0001:00000d18       _SSL_CTX_use_PrivateKey_file 00401d18 f   libssl:libssl-3.dll
 0001:00000d1e       _SSL_CTX_use_certificate_file 00401d1e f   libssl:libssl-3.dll
 0001:00000d24       _SSL_get1_peer_certificate 00401d24 f   libssl:libssl-3.dll
 0001:00000d2a       _SSL_CTX_free              00401d2a f   libssl:libssl-3.dll
 0001:00000d30       _SSL_free                  00401d30 f   libssl:libssl-3.dll
 0001:00000d36       _SSL_write                 00401d36 f   libssl:libssl-3.dll
 0001:00000d3c       _SSL_connect               00401d3c f   libssl:libssl-3.dll
 0001:00000d42       _SSL_set_fd                00401d42 f   libssl:libssl-3.dll
 0001:00000d48       _SSL_new                   00401d48 f   libssl:libssl-3.dll
 0001:00000d4e       _SSL_CTX_set_options       00401d4e f   libssl:libssl-3.dll
 0001:00000d54       _SSL_CTX_new               00401d54 f   libssl:libssl-3.dll
 0001:00000d5a       _TLS_client_method         00401d5a f   libssl:libssl-3.dll
 0001:00000d60       _OPENSSL_init_ssl          00401d60 f   libssl:libssl-3.dll
 0001:00000d66       _BIO_printf                00401d66 f   libcrypto:libcrypto-3.dll
 0001:00000d6c       _ERR_print_errors_fp       00401d6c f   libcrypto:libcrypto-3.dll
 0001:00000d72       _X509_free                 00401d72 f   libcrypto:libcrypto-3.dll
 0001:00000d78       _X509_get_issuer_name      00401d78 f   libcrypto:libcrypto-3.dll
 0001:00000d7e       _X509_NAME_oneline         00401d7e f   libcrypto:libcrypto-3.dll
 0001:00000d84       _X509_get_subject_name     00401d84 f   libcrypto:libcrypto-3.dll
 0001:00000d8a       _X509_NAME_print_ex        00401d8a f   libcrypto:libcrypto-3.dll
 0001:00000d90       _X509_NAME_new             00401d90 f   libcrypto:libcrypto-3.dll
 0001:00000d96       _BIO_new_fp                00401d96 f   libcrypto:libcrypto-3.dll
 0001:00000d9c       _BIO_new                   00401d9c f   libcrypto:libcrypto-3.dll
 0001:00000da2       _BIO_s_file                00401da2 f   libcrypto:libcrypto-3.dll
 0001:00000da8       _ERR_load_BIO_strings      00401da8 f   libcrypto:libcrypto-3.dll
 0001:00000dae       _OPENSSL_init_crypto       00401dae f   libcrypto:libcrypto-3.dll
 0001:00000dc0       _close                     00401dc0 f   LIBCD:close.obj
 0001:00000dc0       __close                    00401dc0 f   LIBCD:close.obj
 0001:00000eb0       __lseek                    00401eb0 f   LIBCD:lseek.obj
 0001:00000fa0       __write                    00401fa0 f   LIBCD:write.obj
 0001:00001250       __read                     00402250 f   LIBCD:read.obj
 0001:000016b0       __open                     004026b0 f   LIBCD:open.obj
 0001:000016f0       __sopen                    004026f0 f   LIBCD:open.obj
 0001:00001be0       _fflush                    00402be0 f   LIBCD:fflush.obj
 0001:00001c40       __flush                    00402c40 f   LIBCD:fflush.obj
 0001:00001d00       __flushall                 00402d00 f   LIBCD:fflush.obj
 0001:00001df0       _ftell                     00402df0 f   LIBCD:ftell.obj
 0001:00002080       _fseek                     00403080 f   LIBCD:fseek.obj
 0001:000021b0       __fsopen                   004031b0 f   LIBCD:fopen.obj
 0001:000022a0       _fopen                     004032a0 f   LIBCD:fopen.obj
 0001:000022c0       _fclose                    004032c0 f   LIBCD:fclose.obj
 0001:000023a0       _fwrite                    004033a0 f   LIBCD:fwrite.obj
 0001:000025c0       _fread                     004035c0 f   LIBCD:fread.obj
 0001:00002790       _fgets                     00403790 f   LIBCD:fgets.obj
 0001:000028c0       _fprintf                   004038c0 f   LIBCD:fprintf.obj
 0001:00002970       ___initstdio               00403970 f   LIBCD:_file.obj
 0001:00002aa0       ___endstdio                00403aa0 f   LIBCD:_file.obj
 0001:00002ac0       _clearerr                  00403ac0 f   LIBCD:clearerr.obj
 0001:00002b50       __chkesp                   00403b50 f   LIBCD:chkesp.obj
 0001:00002b90       __setmode                  00403b90 f   LIBCD:setmode.obj
 0001:00002c90       _memset                    00403c90 f   LIBCD:memset.obj
 0001:00002cf0       _atol                      00403cf0 f   LIBCD:atox.obj
 0001:00002df0       _atoi                      00403df0 f   LIBCD:atox.obj
 0001:00002e10       __atoi64                   00403e10 f   LIBCD:atox.obj
 0001:00002f40       _printf                    00403f40 f   LIBCD:printf.obj
 0001:00002fc0       _abort                     00403fc0 f   LIBCD:abort.obj
 0001:00002fe0       _malloc                    00403fe0 f   LIBCD:dbgheap.obj
 0001:00003000       __malloc_dbg               00404000 f   LIBCD:dbgheap.obj
 0001:00003030       __nh_malloc                00404030 f   LIBCD:dbgheap.obj
 0001:00003050       __nh_malloc_dbg            00404050 f   LIBCD:dbgheap.obj
 0001:000030a0       __heap_alloc               004040a0 f   LIBCD:dbgheap.obj
 0001:000030c0       __heap_alloc_dbg           004040c0 f   LIBCD:dbgheap.obj
 0001:000033e0       _calloc                    004043e0 f   LIBCD:dbgheap.obj
 0001:00003400       __calloc_dbg               00404400 f   LIBCD:dbgheap.obj
 0001:00003460       _realloc                   00404460 f   LIBCD:dbgheap.obj
 0001:00003480       __realloc_dbg              00404480 f   LIBCD:dbgheap.obj
 0001:000039d0       __expand                   004049d0 f   LIBCD:dbgheap.obj
 0001:000039f0       __expand_dbg               004049f0 f   LIBCD:dbgheap.obj
 0001:00003a20       _free                      00404a20 f   LIBCD:dbgheap.obj
 0001:00003a40       __free_dbg                 00404a40 f   LIBCD:dbgheap.obj
 0001:00003e30       __msize                    00404e30 f   LIBCD:dbgheap.obj
 0001:00003e50       __msize_dbg                00404e50 f   LIBCD:dbgheap.obj
 0001:00003fa0       __CrtSetBreakAlloc         00404fa0 f   LIBCD:dbgheap.obj
 0001:00003fc0       __CrtSetDbgBlockType       00404fc0 f   LIBCD:dbgheap.obj
 0001:00004050       __CrtSetAllocHook          00405050 f   LIBCD:dbgheap.obj
 0001:00004100       __CrtCheckMemory           00405100 f   LIBCD:dbgheap.obj
 0001:00004460       __CrtSetDbgFlag            00405460 f   LIBCD:dbgheap.obj
 0001:00004490       __CrtDoForAllClientObjects 00405490 f   LIBCD:dbgheap.obj
 0001:000044f0       __CrtIsValidPointer        004054f0 f   LIBCD:dbgheap.obj
 0001:00004540       __CrtIsValidHeapPointer    00405540 f   LIBCD:dbgheap.obj
 0001:000045d0       __CrtIsMemoryBlock         004055d0 f   LIBCD:dbgheap.obj
 0001:000046a0       __CrtSetDumpClient         004056a0 f   LIBCD:dbgheap.obj
 0001:000046c0       __CrtMemCheckpoint         004056c0 f   LIBCD:dbgheap.obj
 0001:00004820       __CrtMemDifference         00405820 f   LIBCD:dbgheap.obj
 0001:00004950       __CrtMemDumpAllObjectsSince 00405950 f   LIBCD:dbgheap.obj
 0001:00004d20       __CrtDumpMemoryLeaks       00405d20 f   LIBCD:dbgheap.obj
 0001:00004da0       __CrtMemDumpStatistics     00405da0 f   LIBCD:dbgheap.obj
 0001:00004e70       _strlen                    00405e70 f   LIBCD:strlen.obj
 0001:00004ef0       _strcpy                    00405ef0 f   LIBCD:strcat.obj
 0001:00004f00       _strcat                    00405f00 f   LIBCD:strcat.obj
 0001:00004fe0       _mainCRTStartup            00405fe0 f   LIBCD:crt0.obj
 0001:00005110       __amsg_exit                00406110 f   LIBCD:crt0.obj
 0001:00005170       __dosmaperr                00406170 f   LIBCD:dosmap.obj
 0001:00005200       __alloc_osfhnd             00406200 f   LIBCD:osfinfo.obj
 0001:00005330       __set_osfhnd               00406330 f   LIBCD:osfinfo.obj
 0001:000053e0       __free_osfhnd              004063e0 f   LIBCD:osfinfo.obj
 0001:000054b0       __get_osfhandle            004064b0 f   LIBCD:osfinfo.obj
 0001:00005510       __open_osfhandle           00406510 f   LIBCD:osfinfo.obj
 0001:00005600       __cinit                    00406600 f   LIBCD:crt0dat.obj
 0001:00005640       _exit                      00406640 f   LIBCD:crt0dat.obj
 0001:00005660       __exit                     00406660 f   LIBCD:crt0dat.obj
 0001:00005680       __cexit                    00406680 f   LIBCD:crt0dat.obj
 0001:000056a0       __c_exit                   004066a0 f   LIBCD:crt0dat.obj
 0001:000057d0       __ioinit                   004067d0 f   LIBCD:ioinit.obj
 0001:00005ae0       __ioterm                   00406ae0 f   LIBCD:ioinit.obj
 0001:00005b40       __chsize                   00406b40 f   LIBCD:chsize.obj
 0001:00005db0       __commit                   00406db0 f   LIBCD:commit.obj
 0001:00005e60       __CrtDbgBreak              00406e60 f   LIBCD:dbgrpt.obj
 0001:00005e70       __CrtSetReportMode         00406e70 f   LIBCD:dbgrpt.obj
 0001:00005ed0       __CrtSetReportFile         00406ed0 f   LIBCD:dbgrpt.obj
 0001:00005f50       __CrtSetReportHook         00406f50 f   LIBCD:dbgrpt.obj
 0001:00005f70       __CrtDbgReport             00406f70 f   LIBCD:dbgrpt.obj
 0001:00006610       __openfile                 00407610 f   LIBCD:_open.obj
 0001:000069a0       __getstream                004079a0 f   LIBCD:stream.obj
 0001:00006a90       __freebuf                  00407a90 f   LIBCD:_freebuf.obj
 0001:00006b30       __flsbuf                   00407b30 f   LIBCD:_flsbuf.obj
 0001:00006db0       _memcpy                    00407db0 f   LIBCD:memcpy.obj
 0001:000070f0       __filbuf                   004080f0 f   LIBCD:_filbuf.obj
 0001:000072d0       __stbuf                    004082d0 f   LIBCD:_sftbuf.obj
 0001:00007430       __ftbuf                    00408430 f   LIBCD:_sftbuf.obj
 0001:000074f0       __output                   004084f0 f   LIBCD:output.obj
 0001:00008390       __fcloseall                00409390 f   LIBCD:closeall.obj
 0001:00008440       __isctype                  00409440 f   LIBCD:isctype.obj
 0001:00008500       __allmul                   00409500 f   LIBCD:llmul.obj
 0001:00008540       _signal                    00409540 f   LIBCD:winsig.obj
 0001:00008750       _raise                     00409750 f   LIBCD:winsig.obj
 0001:00008970       __FF_MSGBANNER             00409970 f   LIBCD:crt0msg.obj
 0001:000089c0       __NMSG_WRITE               004099c0 f   LIBCD:crt0msg.obj
 0001:00008b80       __GET_RTERRMSG             00409b80 f   LIBCD:crt0msg.obj
 0001:00008bd0       ?_set_new_handler@@YAP6AHI@ZP6AHI@Z@Z 00409bd0 f   LIBCD:handler.obj
 0001:00008bf0       ?_query_new_handler@@YAP6AHI@ZXZ 00409bf0 f   LIBCD:handler.obj
 0001:00008c00       __callnewh                 00409c00 f   LIBCD:handler.obj
 0001:00008c30       __malloc_base              00409c30 f   LIBCD:malloc.obj
 0001:00008c50       __nh_malloc_base           00409c50 f   LIBCD:malloc.obj
 0001:00008cb0       __heap_alloc_base          00409cb0 f   LIBCD:malloc.obj
 0001:00008d10       __CrtDefaultAllocHook      00409d10 f   LIBCD:dbghook.obj
 0001:00008d20       __expand_base              00409d20 f   LIBCD:expand.obj
 0001:00008db0       __realloc_base             00409db0 f   LIBCD:realloc.obj
 0001:00008f80       __free_base                00409f80 f   LIBCD:free.obj
 0001:00008fd0       __heapchk                  00409fd0 f   LIBCD:heapchk.obj
 0001:00009030       __heapset                  0040a030 f   LIBCD:heapchk.obj
 0001:00009040       __heap_init                0040a040 f   LIBCD:heapinit.obj
 0001:00009090       __heap_term                0040a090 f   LIBCD:heapinit.obj
 0001:00009130       __get_sbh_threshold        0040a130 f   LIBCD:sbheap.obj
 0001:00009140       __set_sbh_threshold        0040a140 f   LIBCD:sbheap.obj
 0001:00009160       ___sbh_heap_init           0040a160 f   LIBCD:sbheap.obj
 0001:000091c0       ___sbh_find_block          0040a1c0 f   LIBCD:sbheap.obj
 0001:00009220       ___sbh_verify_block        0040a220 f   LIBCD:sbheap.obj
 0001:00009280       ___sbh_free_block          0040a280 f   LIBCD:sbheap.obj
 0001:00009850       ___sbh_alloc_block         0040a850 f   LIBCD:sbheap.obj
 0001:00009d90       ___sbh_alloc_new_region    0040ad90 f   LIBCD:sbheap.obj
 0001:00009ea0       ___sbh_alloc_new_group     0040aea0 f   LIBCD:sbheap.obj
 0001:0000a090       ___sbh_resize_block        0040b090 f   LIBCD:sbheap.obj
 0001:0000a680       ___sbh_heapmin             0040b680 f   LIBCD:sbheap.obj
 0001:0000a7b0       ___sbh_heap_check          0040b7b0 f   LIBCD:sbheap.obj
 0001:0000add0       _sprintf                   0040bdd0 f   LIBCD:sprintf.obj
 0001:0000aed0       __XcptFilter               0040bed0 f   LIBCD:winxfltr.obj
 0001:0000b0e0       __setenvp                  0040c0e0 f   LIBCD:stdenvp.obj
 0001:0000b230       __setargv                  0040c230 f   LIBCD:stdargv.obj
 0001:0000b740       ___crtGetEnvironmentStringsA 0040c740 f   LIBCD:a_env.obj
 0001:0000b95c       __global_unwind2           0040c95c f   LIBCD:exsup.obj
 0001:0000b99e       __local_unwind2            0040c99e f   LIBCD:exsup.obj
 0001:0000b9f6       __NLG_Return2              0040c9f6 f   LIBCD:exsup.obj
 0001:0000ba06       __abnormal_termination     0040ca06 f   LIBCD:exsup.obj
 0001:0000ba29       __NLG_Notify1              0040ca29 f   LIBCD:exsup.obj
 0001:0000ba32       __NLG_Notify               0040ca32 f   LIBCD:exsup.obj
 0001:0000ba45       __NLG_Dispatch             0040ca45 f   LIBCD:exsup.obj
 0001:0000ba54       __except_handler3          0040ca54 f   LIBCD:exsup3.obj
 0001:0000bb11       __seh_longjmp_unwind@4     0040cb11 f   LIBCD:exsup3.obj
 0001:0000bb30       __chkstk                   0040cb30 f   LIBCD:chkstk.obj
 0001:0000bb30       __alloca_probe             0040cb30 f   LIBCD:chkstk.obj
 0001:0000bb60       __itoa                     0040cb60 f   LIBCD:xtoa.obj
 0001:0000bc80       __ltoa                     0040cc80 f   LIBCD:xtoa.obj
 0001:0000bcc0       __ultoa                    0040ccc0 f   LIBCD:xtoa.obj
 0001:0000bce0       __i64toa                   0040cce0 f   LIBCD:xtoa.obj
 0001:0000be30       __ui64toa                  0040ce30 f   LIBCD:xtoa.obj
 0001:0000be50       __snprintf                 0040ce50 f   LIBCD:snprintf.obj
 0001:0000bf50       __vsnprintf                0040cf50 f   LIBCD:vsnprint.obj
 0001:0000c050       ___crtMessageBoxA          0040d050 f   LIBCD:crtmbox.obj
 0001:0000c110       _strncpy                   0040d110 f   LIBCD:strncpy.obj
 0001:0000c210       __getbuf                   0040d210 f   LIBCD:_getbuf.obj
 0001:0000c2e0       __isatty                   0040d2e0 f   LIBCD:isatty.obj
 0001:0000c310       _wctomb                    0040d310 f   LIBCD:wctomb.obj
 0001:0000c3b0       __aulldiv                  0040d3b0 f   LIBCD:ulldiv.obj
 0001:0000c420       __aullrem                  0040d420 f   LIBCD:ullrem.obj
 0001:0000c4a0       ___crtGetStringTypeA       0040d4a0 f   LIBCD:a_str.obj
 0001:0000c660       _memmove                   0040d660 f   LIBCD:memmove.obj
 0001:0000c9a0       __setmbcp                  0040d9a0 f   LIBCD:mbctype.obj
 0001:0000d110       __getmbcp                  0040e110 f   LIBCD:mbctype.obj
 0001:0000d130       ___initmbctable            0040e130 f   LIBCD:mbctype.obj
 0001:0000d160       __fptrap                   0040e160 f   LIBCD:crt0fp.obj
 0001:0000d170       ___crtLCMapStringA         0040e170 f   LIBCD:a_map.obj
 0001:0000d4d0       _connect@12                0040e4d0 f   ws2_32:WS2_32.dll
 0001:0000d4d6       _inet_ntoa@4               0040e4d6 f   ws2_32:WS2_32.dll
 0001:0000d4dc       _inet_addr@4               0040e4dc f   ws2_32:WS2_32.dll
 0001:0000d4e2       _htons@4                   0040e4e2 f   ws2_32:WS2_32.dll
 0001:0000d4e8       _socket@12                 0040e4e8 f   ws2_32:WS2_32.dll
 0001:0000d4ee       _WSAGetLastError@0         0040e4ee f   ws2_32:WS2_32.dll
 0001:0000d4f4       _WSAStartup@8              0040e4f4 f   ws2_32:WS2_32.dll
 0001:0000d4fa       _GetLastError@0            0040e4fa f   kernel32:KERNEL32.dll
 0001:0000d500       _CloseHandle@4             0040e500 f   kernel32:KERNEL32.dll
 0001:0000d506       _SetFilePointer@16         0040e506 f   kernel32:KERNEL32.dll
 0001:0000d50c       _WriteFile@20              0040e50c f   kernel32:KERNEL32.dll
 0001:0000d512       _ReadFile@20               0040e512 f   kernel32:KERNEL32.dll
 0001:0000d518       _GetFileType@4             0040e518 f   kernel32:KERNEL32.dll
 0001:0000d51e       _CreateFileA@28            0040e51e f   kernel32:KERNEL32.dll
 0001:0000d524       _IsBadWritePtr@8           0040e524 f   kernel32:KERNEL32.dll
 0001:0000d52a       _IsBadReadPtr@8            0040e52a f   kernel32:KERNEL32.dll
 0001:0000d530       _HeapValidate@12           0040e530 f   kernel32:KERNEL32.dll
 0001:0000d536       _GetCommandLineA@0         0040e536 f   kernel32:KERNEL32.dll
 0001:0000d53c       _GetVersion@0              0040e53c f   kernel32:KERNEL32.dll
 0001:0000d542       _ExitProcess@4             0040e542 f   kernel32:KERNEL32.dll
 0001:0000d548       _SetStdHandle@8            0040e548 f   kernel32:KERNEL32.dll
 0001:0000d54e       _TerminateProcess@8        0040e54e f   kernel32:KERNEL32.dll
 0001:0000d554       _GetCurrentProcess@0       0040e554 f   kernel32:KERNEL32.dll
 0001:0000d55a       _SetHandleCount@4          0040e55a f   kernel32:KERNEL32.dll
 0001:0000d560       _GetStdHandle@4            0040e560 f   kernel32:KERNEL32.dll
 0001:0000d566       _GetStartupInfoA@4         0040e566 f   kernel32:KERNEL32.dll
 0001:0000d56c       _SetEndOfFile@4            0040e56c f   kernel32:KERNEL32.dll
 0001:0000d572       _FlushFileBuffers@4        0040e572 f   kernel32:KERNEL32.dll
 0001:0000d578       _DebugBreak@0              0040e578 f   kernel32:KERNEL32.dll
 0001:0000d57e       _InterlockedDecrement@4    0040e57e f   kernel32:KERNEL32.dll
 0001:0000d584       _OutputDebugStringA@4      0040e584 f   kernel32:KERNEL32.dll
 0001:0000d58a       _GetProcAddress@8          0040e58a f   kernel32:KERNEL32.dll
 0001:0000d590       _LoadLibraryA@4            0040e590 f   kernel32:KERNEL32.dll
 0001:0000d596       _InterlockedIncrement@4    0040e596 f   kernel32:KERNEL32.dll
 0001:0000d59c       _GetModuleFileNameA@12     0040e59c f   kernel32:KERNEL32.dll
 0001:0000d5a2       _SetConsoleCtrlHandler@8   0040e5a2 f   kernel32:KERNEL32.dll
 0001:0000d5a8       _HeapAlloc@12              0040e5a8 f   kernel32:KERNEL32.dll
 0001:0000d5ae       _HeapReAlloc@16            0040e5ae f   kernel32:KERNEL32.dll
 0001:0000d5b4       _HeapFree@12               0040e5b4 f   kernel32:KERNEL32.dll
 0001:0000d5ba       _HeapDestroy@4             0040e5ba f   kernel32:KERNEL32.dll
 0001:0000d5c0       _HeapCreate@12             0040e5c0 f   kernel32:KERNEL32.dll
 0001:0000d5c6       _VirtualFree@12            0040e5c6 f   kernel32:KERNEL32.dll
 0001:0000d5cc       _VirtualAlloc@16           0040e5cc f   kernel32:KERNEL32.dll
 0001:0000d5d2       _UnhandledExceptionFilter@4 0040e5d2 f   kernel32:KERNEL32.dll
 0001:0000d5d8       _FreeEnvironmentStringsA@4 0040e5d8 f   kernel32:KERNEL32.dll
 0001:0000d5de       _FreeEnvironmentStringsW@4 0040e5de f   kernel32:KERNEL32.dll
 0001:0000d5e4       _WideCharToMultiByte@32    0040e5e4 f   kernel32:KERNEL32.dll
 0001:0000d5ea       _GetEnvironmentStrings@0   0040e5ea f   kernel32:KERNEL32.dll
 0001:0000d5f0       _GetEnvironmentStringsW@0  0040e5f0 f   kernel32:KERNEL32.dll
 0001:0000d5f6       _RtlUnwind@16              0040e5f6 f   kernel32:KERNEL32.dll
 0001:0000d5fc       _MultiByteToWideChar@24    0040e5fc f   kernel32:KERNEL32.dll
 0001:0000d602       _GetStringTypeA@20         0040e602 f   kernel32:KERNEL32.dll
 0001:0000d608       _GetStringTypeW@16         0040e608 f   kernel32:KERNEL32.dll
 0001:0000d60e       _GetCPInfo@8               0040e60e f   kernel32:KERNEL32.dll
 0001:0000d614       _GetACP@0                  0040e614 f   kernel32:KERNEL32.dll
 0001:0000d61a       _GetOEMCP@0                0040e61a f   kernel32:KERNEL32.dll
 0001:0000d620       _LCMapStringA@24           0040e620 f   kernel32:KERNEL32.dll
 0001:0000d626       _LCMapStringW@24           0040e626 f   kernel32:KERNEL32.dll
 0001:00011890       __enc$textbss$begin        00412890     <linker-defined>
 0001:00021890       __enc$textbss$end          00422890     <linker-defined>
 0002:0000001c       ??_C@_04BIOI@2?42?6?$AA@   0042301c     test_socket.obj
 0002:00000024       ??_C@_0DD@MCJH@Error?3?5Cannot?5connect?5to?5host?5?$CFs@ 00423024     test_socket.obj
 0002:00000064       ??_C@_04CDBH@2?41?6?$AA@   00423064     test_socket.obj
 0002:0000006c       ??_C@_05CJAA@2?40b?6?$AA@  0042306c     test_socket.obj
 0002:00000074       ??_C@_09FCOK@127?40?40?41?$AA@ 00423074     test_socket.obj
 0002:00000080       ??_C@_06CNI@2?40aa?6?$AA@  00423080     test_socket.obj
 0002:00000088       ??_C@_05BCPP@2?40a?6?$AA@  00423088     test_socket.obj
 0002:00000090       ??_C@_04DFLN@2?40?6?$AA@   00423090     test_socket.obj
 0002:00000098       ??_C@_0BN@IDKG@Could?5not?5create?5socket?5?3?5?$CFd?$AA@ 00423098     test_socket.obj
 0002:000000bc       ??_C@_0BI@HDAH@Failed?4?5Error?5Code?5?3?5?$CFd?$AA@ 004230bc     test_socket.obj
 0002:000000d8       ??_C@_00A@?$AA@            004230d8     test_socket.obj
 0002:000000dc       ??_C@_05MLLB@17502?$AA@    004230dc     test_socket.obj
 0002:000000e4       ??_C@_0N@CFKE@zombieserver?$AA@ 004230e4     test_socket.obj
 0002:000000f4       ??_C@_04LPCC@def?6?$AA@    004230f4     test_socket.obj
 0002:000000fc       ??_C@_0DD@LCKP@Private?5key?5does?5not?5match?5the?5p@ 004230fc     test_socket.obj
 0002:0000013c       ??_C@_04JDAA@fgh?6?$AA@    0042313c     test_socket.obj
 0002:00000144       ??_C@_04KBOM@bcd?6?$AA@    00423144     test_socket.obj
 0002:0000014c       ??_C@_04PNFJ@abc?6?$AA@    0042314c     test_socket.obj
 0002:00000154       ??_C@_0CK@PPAB@Info?3?5No?5client?5certificates?5con@ 00423154     test_socket.obj
 0002:00000188       ??_C@_0M@PAMF@Issuer?3?5?$CFs?6?$AA@ 00423188     test_socket.obj
 0002:00000198       ??_C@_0N@HKIN@Subject?3?5?$CFs?6?$AA@ 00423198     test_socket.obj
 0002:000001a8       ??_C@_0BG@IFJJ@Server?5certificates?3?6?$AA@ 004231a8     test_socket.obj
 0002:000001c4       ??_C@_0CO@FFKG@Finished?5SSL?1TLS?5connection?5with@ 004231c4     test_socket.obj
 0002:000001fc       ??_C@_0BB@IMPE@hujan?5yang?5turun?$AA@ 004231fc     test_socket.obj
 0002:00000210       ??_C@_01BJG@?6?$AA@        00423210     test_socket.obj
 0002:00000214       ??_C@_0CK@NIMM@Displaying?5the?5certificate?5subje@ 00423214     test_socket.obj
 0002:00000248       ??_C@_0CO@MHPL@Retrieved?5the?5server?8s?5certifica@ 00423248     test_socket.obj
 0002:00000280       ??_C@_0CO@CAJD@Error?3?5Could?5not?5get?5a?5certifica@ 00423280     test_socket.obj
 0002:000002b8       ??_C@_0CO@IEPN@Successfully?5enabled?5SSL?1TLS?5ses@ 004232b8     test_socket.obj
 0002:000002f0       ??_C@_0CO@IKMM@Error?3?5Could?5not?5build?5a?5SSL?5ses@ 004232f0     test_socket.obj
 0002:00000328       ??_C@_09KEBK@here?5I?5am?$AA@ 00423328     test_socket.obj
 0002:00000334       ??_C@_01ECJ@3?$AA@         00423334     test_socket.obj
 0002:00000338       ??_C@_0CO@BLAA@Successfully?5made?5the?5TCP?5connec@ 00423338     test_socket.obj
 0002:00000370       ??_C@_02JDDI@2?6?$AA@      00423370     test_socket.obj
 0002:00000374       ??_C@_0BB@LOHF@zombieclient?4crt?$AA@ 00423374     test_socket.obj
 0002:00000388       ??_C@_0BB@HBEP@zombieclient?4key?$AA@ 00423388     test_socket.obj
 0002:0000039c       ??_C@_0BI@PMJO@Zombie_Spotters_Ltd?4crt?$AA@ 0042339c     test_socket.obj
 0002:000003b8       ??_C@_0CP@GKHG@Unable?5to?5create?5a?5new?5SSL?5conte@ 004233b8     test_socket.obj
 0002:000003f0       ??_C@_0CM@EJB@Could?5not?5initialize?5the?5OpenSSL@ 004233f0     test_socket.obj
 0002:00000424       ??_C@_02KIMH@1?6?$AA@      00423424     test_socket.obj
 0002:00000428       ??_C@_07CMIP@ftell?4c?$AA@ 00423428     LIBCD:ftell.obj
 0002:00000430       ??_C@_0M@KJPK@str?5?$CB?$DN?5NULL?$AA@ 00423430     LIBCD:ftell.obj
 0002:0000043c       ??_C@_07HFEM@fseek?4c?$AA@ 0042343c     LIBCD:fseek.obj
 0002:00000444       ??_C@_0BC@IPFL@?$CKmode?5?$CB?$DN?5_T?$CI?8?20?8?$CJ?$AA@ 00423444     LIBCD:fopen.obj
 0002:00000458       ??_C@_0N@BKPP@mode?5?$CB?$DN?5NULL?$AA@ 00423458     LIBCD:fopen.obj
 0002:00000468       ??_C@_0BC@GOED@?$CKfile?5?$CB?$DN?5_T?$CI?8?20?8?$CJ?$AA@ 00423468     LIBCD:fopen.obj
 0002:0000047c       ??_C@_07OMGG@fopen?4c?$AA@ 0042347c     LIBCD:fopen.obj
 0002:00000484       ??_C@_0N@MCKG@file?5?$CB?$DN?5NULL?$AA@ 00423484     LIBCD:fopen.obj
 0002:00000494       ??_C@_08PHBD@fclose?4c?$AA@ 00423494     LIBCD:fclose.obj
 0002:000004a0       ??_C@_07LIGC@fgets?4c?$AA@ 004234a0     LIBCD:fgets.obj
 0002:000004a8       ??_C@_0P@OOIN@string?5?$CB?$DN?5NULL?$AA@ 004234a8     LIBCD:fgets.obj
 0002:000004b8       ??_C@_0P@LNLA@format?5?$CB?$DN?5NULL?$AA@ 004234b8     LIBCD:fprintf.obj
 0002:000004c8       ??_C@_09DLOM@fprintf?4c?$AA@ 004234c8     LIBCD:fprintf.obj
 0002:000004d4       ??_C@_07HPAH@_file?4c?$AA@ 004234d4     LIBCD:_file.obj
 0002:000004dc       ??_C@_0L@FLED@clearerr?4c?$AA@ 004234dc     LIBCD:clearerr.obj
 0002:000004e8       ??_C@_0P@FHEA@stream?5?$CB?$DN?5NULL?$AA@ 004234e8     LIBCD:clearerr.obj
 0002:000004f8       ??_C@_0O@FHMD@i386?2chkesp?4c?$AA@ 004234f8     LIBCD:chkesp.obj
 0002:00000508       ??_C@_0NM@ELEE@The?5value?5of?5ESP?5was?5not?5properl@ 00423508     LIBCD:chkesp.obj
 0002:000005e4       ??_C@_08GNFC@printf?4c?$AA@ 004235e4     LIBCD:printf.obj
 0002:000005f0       ??_C@_06DPMO@Client?$AA@   004235f0     LIBCD:dbgheap.obj
 0002:000005f8       ??_C@_06BAFM@Ignore?$AA@   004235f8     LIBCD:dbgheap.obj
 0002:00000600       ??_C@_03DICE@CRT?$AA@      00423600     LIBCD:dbgheap.obj
 0002:00000604       ??_C@_06BILL@Normal?$AA@   00423604     LIBCD:dbgheap.obj
 0002:0000060c       ??_C@_04NEN@Free?$AA@      0042360c     LIBCD:dbgheap.obj
 0002:00000614       ??_C@_0DC@CGID@Error?3?5memory?5allocation?3?5bad?5me@ 00423614     LIBCD:dbgheap.obj
 0002:00000648       ??_C@_0CE@FMIA@Invalid?5allocation?5size?3?5?$CFu?5byte@ 00423648     LIBCD:dbgheap.obj
 0002:0000066c       ??_C@_02DILL@?$CFs?$AA@    0042366c     LIBCD:dbgheap.obj
 0002:00000670       ??_C@_0CB@CPBI@Client?5hook?5allocation?5failure?4?6@ 00423670     LIBCD:dbgheap.obj
 0002:00000694       ??_C@_0DF@DKHF@Client?5hook?5allocation?5failure?5a@ 00423694     LIBCD:dbgheap.obj
 0002:000006cc       ??_C@_09IMJC@dbgheap?4c?$AA@ 004236cc     LIBCD:dbgheap.obj
 0002:000006d8       ??_C@_0BC@EPKL@_CrtCheckMemory?$CI?$CJ?$AA@ 004236d8     LIBCD:dbgheap.obj
 0002:000006ec       ??_C@_0BK@JDHA@_pFirstBlock?5?$DN?$DN?5pOldBlock?$AA@ 004236ec     LIBCD:dbgheap.obj
 0002:00000708       ??_C@_0BJ@NMEF@_pLastBlock?5?$DN?$DN?5pOldBlock?$AA@ 00423708     LIBCD:dbgheap.obj
 0002:00000724       ??_C@_0DC@BOCN@fRealloc?5?$HM?$HM?5?$CI?$CBfRealloc?5?$CG?$CG?5pNewBl@ 00423724     LIBCD:dbgheap.obj
 0002:00000758       ??_C@_0DK@DKOM@_BLOCK_TYPE?$CIpOldBlock?9?$DOnBlockUse@ 00423758     LIBCD:dbgheap.obj
 0002:00000794       ??_C@_0EF@EDKM@pOldBlock?9?$DOnLine?5?$DN?$DN?5IGNORE_LINE?5@ 00423794     LIBCD:dbgheap.obj
 0002:000007dc       ??_C@_0CC@GPMO@_CrtIsValidHeapPointer?$CIpUserData@ 004237dc     LIBCD:dbgheap.obj
 0002:00000800       ??_C@_0CN@FHGE@Allocation?5too?5large?5or?5negative@ 00423800     LIBCD:dbgheap.obj
 0002:00000830       ??_C@_0CE@EAMN@Client?5hook?5re?9allocation?5failur@ 00423830     LIBCD:dbgheap.obj
 0002:00000854       ??_C@_0DI@KKMM@Client?5hook?5re?9allocation?5failur@ 00423854     LIBCD:dbgheap.obj
 0002:0000088c       ??_C@_0BG@JCEC@_pFirstBlock?5?$DN?$DN?5pHead?$AA@ 0042388c     LIBCD:dbgheap.obj
 0002:000008a4       ??_C@_0BF@NLNN@_pLastBlock?5?$DN?$DN?5pHead?$AA@ 004238a4     LIBCD:dbgheap.obj
 0002:000008bc       ??_C@_0BO@PLHH@pHead?9?$DOnBlockUse?5?$DN?$DN?5nBlockUse?$AA@ 004238bc     LIBCD:dbgheap.obj
 0002:000008dc       ??_C@_0DN@KKIO@pHead?9?$DOnLine?5?$DN?$DN?5IGNORE_LINE?5?$CG?$CG?5p@ 004238dc     LIBCD:dbgheap.obj
 0002:0000091c       ??_C@_0CK@OJNB@DAMAGE?3?5after?5?$CFhs?5block?5?$CI?$CD?$CFd?$CJ?5at@ 0042391c     LIBCD:dbgheap.obj
 0002:00000948       ??_C@_0CL@IJIL@DAMAGE?3?5before?5?$CFhs?5block?5?$CI?$CD?$CFd?$CJ?5a@ 00423948     LIBCD:dbgheap.obj
 0002:00000974       ??_C@_0CH@PHOC@_BLOCK_TYPE_IS_VALID?$CIpHead?9?$DOnBlo@ 00423974     LIBCD:dbgheap.obj
 0002:0000099c       ??_C@_0BL@MBNA@Client?5hook?5free?5failure?4?6?$AA@ 0042399c     LIBCD:dbgheap.obj
 0002:000009b8       ??_C@_0DK@EKKL@memory?5check?5error?5at?50x?$CF08X?5?$DN?50@ 004239b8     LIBCD:dbgheap.obj
 0002:000009f4       ??_C@_0CJ@GCII@?$CFhs?5located?5at?50x?$CF08X?5is?5?$CFu?5byte@ 004239f4     LIBCD:dbgheap.obj
 0002:00000a20       ??_C@_0CA@EJPI@?$CFhs?5allocated?5at?5file?5?$CFhs?$CI?$CFd?$CJ?4?6?$AA@ 00423a20     LIBCD:dbgheap.obj
 0002:00000a40       ??_C@_0CJ@LHHG@DAMAGE?3?5on?5top?5of?5Free?5block?5at?5@ 00423a40     LIBCD:dbgheap.obj
 0002:00000a6c       ??_C@_07GJHM@DAMAGED?$AA@  00423a6c     LIBCD:dbgheap.obj
 0002:00000a74       ??_C@_0CL@ODIE@_heapchk?5fails?5with?5unknown?5retu@ 00423a74     LIBCD:dbgheap.obj
 0002:00000aa0       ??_C@_0CC@EHNC@_heapchk?5fails?5with?5_HEAPBADPTR?4@ 00423aa0     LIBCD:dbgheap.obj
 0002:00000ac4       ??_C@_0CC@JNDP@_heapchk?5fails?5with?5_HEAPBADEND?4@ 00423ac4     LIBCD:dbgheap.obj
 0002:00000ae8       ??_C@_0CD@DNMG@_heapchk?5fails?5with?5_HEAPBADNODE@ 00423ae8     LIBCD:dbgheap.obj
 0002:00000b0c       ??_C@_0CE@JMCB@_heapchk?5fails?5with?5_HEAPBADBEGI@ 00423b0c     LIBCD:dbgheap.obj
 0002:00000b30       ??_C@_0CD@MEMI@Bad?5memory?5block?5found?5at?50x?$CF08X@ 00423b30     LIBCD:dbgheap.obj
 0002:00000b54       ??_C@_0CI@GMAO@_CrtMemCheckPoint?3?5NULL?5state?5po@ 00423b54     LIBCD:dbgheap.obj
 0002:00000b7c       ??_C@_0CI@MNAE@_CrtMemDifference?3?5NULL?5state?5po@ 00423b7c     LIBCD:dbgheap.obj
 0002:00000ba4       ??_C@_0BH@PKIJ@Object?5dump?5complete?4?6?$AA@ 00423ba4     LIBCD:dbgheap.obj
 0002:00000bbc       ??_C@_0DB@DBPF@crt?5block?5at?50x?$CF08X?0?5subtype?5?$CFx?0@ 00423bbc     LIBCD:dbgheap.obj
 0002:00000bf0       ??_C@_0CI@JLM@normal?5block?5at?50x?$CF08X?0?5?$CFu?5bytes@ 00423bf0     LIBCD:dbgheap.obj
 0002:00000c18       ??_C@_0DE@PFEA@client?5block?5at?50x?$CF08X?0?5subtype?5@ 00423c18     LIBCD:dbgheap.obj
 0002:00000c4c       ??_C@_06MBCE@?$HL?$CFld?$HN?5?$AA@ 00423c4c     LIBCD:dbgheap.obj
 0002:00000c54       ??_C@_0L@BLDJ@?$CFhs?$CI?$CFd?$CJ?5?3?5?$AA@ 00423c54     LIBCD:dbgheap.obj
 0002:00000c60       ??_C@_0BE@FEMA@?$CDFile?5Error?$CD?$CI?$CFd?$CJ?5?3?5?$AA@ 00423c60     LIBCD:dbgheap.obj
 0002:00000c74       ??_C@_0BE@FPPM@Dumping?5objects?5?9?$DO?6?$AA@ 00423c74     LIBCD:dbgheap.obj
 0002:00000c88       ??_C@_0BA@POLM@?5Data?3?5?$DM?$CFs?$DO?5?$CFs?6?$AA@ 00423c88     LIBCD:dbgheap.obj
 0002:00000c98       ??_C@_05JLAO@?$CF?42X?5?$AA@ 00423c98     LIBCD:dbgheap.obj
 0002:00000ca0       ??_C@_0BI@KONA@Detected?5memory?5leaks?$CB?6?$AA@ 00423ca0     LIBCD:dbgheap.obj
 0002:00000cb8       ??_C@_0BP@LCCN@Total?5allocations?3?5?$CFld?5bytes?4?6?$AA@ 00423cb8     LIBCD:dbgheap.obj
 0002:00000cd8       ??_C@_0CB@COID@Largest?5number?5used?3?5?$CFld?5bytes?4?6@ 00423cd8     LIBCD:dbgheap.obj
 0002:00000cfc       ??_C@_0BO@MEJD@?$CFld?5bytes?5in?5?$CFld?5?$CFhs?5Blocks?4?6?$AA@ 00423cfc     LIBCD:dbgheap.obj
 0002:00000d2c       ??_C@_09LNLM@osfinfo?4c?$AA@ 00423d2c     LIBCD:osfinfo.obj
 0002:00000d38       ??_C@_08KFDJ@ioinit?4c?$AA@ 00423d38     LIBCD:ioinit.obj
 0002:00000d44       ??_C@_08EIOK@chsize?4c?$AA@ 00423d44     LIBCD:chsize.obj
 0002:00000d50       ??_C@_09NPGF@size?5?$DO?$DN?50?$AA@ 00423d50     LIBCD:chsize.obj
 0002:00000d5c       ??_C@_0BB@BLL@Assertion?5Failed?$AA@ 00423d5c     LIBCD:dbgrpt.obj
 0002:00000d70       ??_C@_05CKBG@Error?$AA@    00423d70     LIBCD:dbgrpt.obj
 0002:00000d78       ??_C@_07JCGI@Warning?$AA@  00423d78     LIBCD:dbgrpt.obj
 0002:00000d80       ??_C@_0M@ODEP@?$CFs?$CI?$CFd?$CJ?5?3?5?$CFs?$AA@ 00423d80     LIBCD:dbgrpt.obj
 0002:00000d8c       ??_C@_01FEHD@?$AN?$AA@     00423d8c     LIBCD:dbgrpt.obj
 0002:00000d90       ??_C@_0BC@OIMC@Assertion?5failed?$CB?$AA@ 00423d90     LIBCD:dbgrpt.obj
 0002:00000da4       ??_C@_0BD@BEAK@Assertion?5failed?3?5?$AA@ 00423da4     LIBCD:dbgrpt.obj
 0002:00000db8       ??_C@_0CL@LCCP@_CrtDbgReport?3?5String?5too?5long?5o@ 00423db8     LIBCD:dbgrpt.obj
 0002:00000de4       ??_C@_0DC@EMDK@Second?5Chance?5Assertion?5Failed?3?5@ 00423de4     LIBCD:dbgrpt.obj
 0002:00000e18       ??_C@_09NJAK@wsprintfA?$AA@ 00423e18     LIBCD:dbgrpt.obj
 0002:00000e24       ??_C@_0L@HKL@user32?4dll?$AA@ 00423e24     LIBCD:dbgrpt.obj
 0002:00000e30       ??_C@_0CD@GCMD@Microsoft?5Visual?5C?$CL?$CL?5Debug?5Libra@ 00423e30     LIBCD:dbgrpt.obj
 0002:00000e54       ??_C@_0FD@EBDD@Debug?5?$CFs?$CB?6?6Program?3?5?$CFs?$CFs?$CFs?$CFs?$CFs?$CFs@ 00423e54     LIBCD:dbgrpt.obj
 0002:00000ea8       ??_C@_09DCKN@?6Module?3?5?$AA@ 00423ea8     LIBCD:dbgrpt.obj
 0002:00000eb4       ??_C@_07HJII@?6File?3?5?$AA@ 00423eb4     LIBCD:dbgrpt.obj
 0002:00000ebc       ??_C@_07LFGN@?6Line?3?5?$AA@ 00423ebc     LIBCD:dbgrpt.obj
 0002:00000ec4       ??_C@_02JJJH@?6?6?$AA@     00423ec4     LIBCD:dbgrpt.obj
 0002:00000ec8       ??_C@_0N@NOAB@Expression?3?5?$AA@ 00423ec8     LIBCD:dbgrpt.obj
 0002:00000ed8       ??_C@_0HD@BHFH@?6?6For?5information?5on?5how?5your?5pr@ 00423ed8     LIBCD:dbgrpt.obj
 0002:00000f4c       ??_C@_03NAME@?4?4?4?$AA@   00423f4c     LIBCD:dbgrpt.obj
 0002:00000f50       ??_C@_0BH@NNCD@?$DMprogram?5name?5unknown?$DO?$AA@ 00423f50     LIBCD:dbgrpt.obj
 0002:00000f68       ??_C@_08GFHP@dbgrpt?4c?$AA@ 00423f68     LIBCD:dbgrpt.obj
 0002:00000f74       ??_C@_0BG@FBEA@szUserMessage?5?$CB?$DN?5NULL?$AA@ 00423f74     LIBCD:dbgrpt.obj
 0002:00000f8c       ??_C@_07INLA@_open?4c?$AA@ 00423f8c     LIBCD:_open.obj
 0002:00000f94       ??_C@_0BB@COCE@filename?5?$CB?$DN?5NULL?$AA@ 00423f94     LIBCD:_open.obj
 0002:00000fa8       ??_C@_08HJEP@stream?4c?$AA@ 00423fa8     LIBCD:stream.obj
 0002:00000fb4       ??_C@_0L@JIE@_freebuf?4c?$AA@ 00423fb4     LIBCD:_freebuf.obj
 0002:00000fc0       ??_C@_0DP@IHIN@?$CI?$CCinconsistent?5IOB?5fields?$CC?0?5stre@ 00423fc0     LIBCD:_flsbuf.obj
 0002:00001000       ??_C@_09LGEI@_flsbuf?4c?$AA@ 00424000     LIBCD:_flsbuf.obj
 0002:0000100c       ??_C@_09DNOI@_filbuf?4c?$AA@ 0042400c     LIBCD:_filbuf.obj
 0002:00001018       ??_C@_09JNND@_sftbuf?4c?$AA@ 00424018     LIBCD:_sftbuf.obj
 0002:00001024       ??_C@_0BH@EOPG@flag?5?$DN?$DN?50?5?$HM?$HM?5flag?5?$DN?$DN?51?$AA@ 00424024     LIBCD:_sftbuf.obj
 0002:0000103c       ___lookuptable             0042403c     LIBCD:output.obj
 0002:00001098       ??_C@_1O@POHA@?$AA?$CI?$AAn?$AAu?$AAl?$AAl?$AA?$CJ?$AA?$AA@ 00424098     LIBCD:output.obj
 0002:000010a8       ??_C@_06ONKE@?$CInull?$CJ?$AA@ 004240a8     LIBCD:output.obj
 0002:000010b0       ??_C@_08MIHI@output?4c?$AA@ 004240b0     LIBCD:output.obj
 0002:000010bc       ??_C@_0P@PIHB@ch?5?$CB?$DN?5_T?$CI?8?20?8?$CJ?$AA@ 004240bc     LIBCD:output.obj
 0002:000010cc       ??_C@_0P@GGKG@runtime?5error?5?$AA@ 004240cc     LIBCD:crt0msg.obj
 0002:000010dc       ??_C@_02PIMC@?$AN?6?$AA@   004240dc     LIBCD:crt0msg.obj
 0002:000010e0       ??_C@_0O@DELO@TLOSS?5error?$AN?6?$AA@ 004240e0     LIBCD:crt0msg.obj
 0002:000010f0       ??_C@_0N@OMLL@SING?5error?$AN?6?$AA@ 004240f0     LIBCD:crt0msg.obj
 0002:00001100       ??_C@_0P@OJAK@DOMAIN?5error?$AN?6?$AA@ 00424100     LIBCD:crt0msg.obj
 0002:00001110       ??_C@_0CF@EANP@R6028?$AN?6?9?5unable?5to?5initialize?5he@ 00424110     LIBCD:crt0msg.obj
 0002:00001138       ??_C@_0DF@ECGN@R6027?$AN?6?9?5not?5enough?5space?5for?5lo@ 00424138     LIBCD:crt0msg.obj
 0002:00001170       ??_C@_0DF@FKAC@R6026?$AN?6?9?5not?5enough?5space?5for?5st@ 00424170     LIBCD:crt0msg.obj
 0002:000011a8       ??_C@_0CG@DPMN@R6025?$AN?6?9?5pure?5virtual?5function?5c@ 004241a8     LIBCD:crt0msg.obj
 0002:000011d0       ??_C@_0DF@CKIP@R6024?$AN?6?9?5not?5enough?5space?5for?5_o@ 004241d0     LIBCD:crt0msg.obj
 0002:00001208       ??_C@_0CJ@GGOE@R6019?$AN?6?9?5unable?5to?5open?5console?5@ 00424208     LIBCD:crt0msg.obj
 0002:00001234       ??_C@_0CB@LBOB@R6018?$AN?6?9?5unexpected?5heap?5error?$AN?6@ 00424234     LIBCD:crt0msg.obj
 0002:00001258       ??_C@_0CN@FPEG@R6017?$AN?6?9?5unexpected?5multithread?5@ 00424258     LIBCD:crt0msg.obj
 0002:00001288       ??_C@_0CM@OBIC@R6016?$AN?6?9?5not?5enough?5space?5for?5th@ 00424288     LIBCD:crt0msg.obj
 0002:000012b4       ??_C@_0CB@HPAL@?$AN?6abnormal?5program?5termination?$AN?6@ 004242b4     LIBCD:crt0msg.obj
 0002:000012d8       ??_C@_0CM@JOOB@R6009?$AN?6?9?5not?5enough?5space?5for?5en@ 004242d8     LIBCD:crt0msg.obj
 0002:00001304       ??_C@_0CK@OIBL@R6008?$AN?6?9?5not?5enough?5space?5for?5ar@ 00424304     LIBCD:crt0msg.obj
 0002:00001330       ??_C@_0CF@LKPB@R6002?$AN?6?9?5floating?5point?5not?5load@ 00424330     LIBCD:crt0msg.obj
 0002:00001358       ??_C@_0CF@JPDF@Microsoft?5Visual?5C?$CL?$CL?5Runtime?5Lib@ 00424358     LIBCD:crt0msg.obj
 0002:00001380       ??_C@_0BK@DEOK@Runtime?5Error?$CB?6?6Program?3?5?$AA@ 00424380     LIBCD:crt0msg.obj
 0002:0000139c       ??_C@_09NEAG@sprintf?4c?$AA@ 0042439c     LIBCD:sprintf.obj
 0002:000013a8       ??_C@_09IGKD@stdenvp?4c?$AA@ 004243a8     LIBCD:stdenvp.obj
 0002:000013b4       ??_C@_09MPMN@stdargv?4c?$AA@ 004243b4     LIBCD:stdargv.obj
 0002:000013c0       ??_C@_07BNNE@a_env?4c?$AA@ 004243c0     LIBCD:a_env.obj
 0002:000013c8       ??_C@_0L@HE@vsprintf?4c?$AA@ 004243c8     LIBCD:vsnprint.obj
 0002:000013d4       ??_C@_0BD@NJFP@GetLastActivePopup?$AA@ 004243d4     LIBCD:crtmbox.obj
 0002:000013e8       ??_C@_0BA@GILI@GetActiveWindow?$AA@ 004243e8     LIBCD:crtmbox.obj
 0002:000013f8       ??_C@_0M@PKCK@MessageBoxA?$AA@ 004243f8     LIBCD:crtmbox.obj
 0002:00001404       ??_C@_09EMDO@_getbuf?4c?$AA@ 00424404     LIBCD:_getbuf.obj
 0002:00001410       ??_C@_01A@?$AA?$AA@        00424410     LIBCD:a_str.obj
 0002:00001414       ??_C@_13A@?$AA?$AA?$AA?$AA@ 00424414     LIBCD:a_str.obj
 0003:00000000       ___xc_a                    00425000     LIBCD:crt0init.obj
 0003:00000104       ___xc_z                    00425104     LIBCD:crt0init.obj
 0003:00000208       ___xi_a                    00425208     LIBCD:crt0init.obj
 0003:00000418       ___xi_z                    00425418     LIBCD:crt0init.obj
 0003:0000051c       ___xp_a                    0042551c     LIBCD:crt0init.obj
 0003:00000724       ___xp_z                    00425724     LIBCD:crt0init.obj
 0003:00000828       ___xt_a                    00425828     LIBCD:crt0init.obj
 0003:0000092c       ___xt_z                    0042592c     LIBCD:crt0init.obj
 0003:00000aa8       __iob                      00425aa8     LIBCD:_file.obj
 0003:00000d30       __crtDbgFlag               00425d30     LIBCD:dbgheap.obj
 0003:00000d38       __crtBreakAlloc            00425d38     LIBCD:dbgheap.obj
 0003:00000d60       __aexit_rtn                00425d60     LIBCD:crt0.obj
 0003:00000d64       ___app_type                00425d64     LIBCD:crt0.obj
 0003:00000ed0       ___badioinfo               00425ed0     LIBCD:ioinit.obj
 0003:00000ed8       __crtAssertBusy            00425ed8     LIBCD:dbgrpt.obj
 0003:00000edc       __CrtDbgMode               00425edc     LIBCD:dbgrpt.obj
 0003:00000ee8       __CrtDbgFile               00425ee8     LIBCD:dbgrpt.obj
 0003:00000f00       ___nullstring              00425f00     LIBCD:output.obj
 0003:00000f04       ___wnullstring             00425f04     LIBCD:output.obj
 0003:00000f08       __pctype                   00425f08     LIBCD:ctype.obj
 0003:00000f0c       __pwctype                  00425f0c     LIBCD:ctype.obj
 0003:00000f10       __ctype                    00425f10     LIBCD:ctype.obj
 0003:00001114       ___mb_cur_max              00426114     LIBCD:nlsdata1.obj
 0003:00001118       ___decimal_point           00426118     LIBCD:nlsdata1.obj
 0003:0000111c       ___decimal_point_length    0042611c     LIBCD:nlsdata1.obj
 0003:000011b0       __pfnAllocHook             004261b0     LIBCD:dbghook.obj
 0003:000011b4       __amblksiz                 004261b4     LIBCD:heapinit.obj
 0003:000011b8       ___sbh_threshold           004261b8     LIBCD:sbheap.obj
 0003:000011c0       __XcptActTab               004261c0     LIBCD:winxfltr.obj
 0003:00001238       __First_FPE_Indx           00426238     LIBCD:winxfltr.obj
 0003:0000123c       __Num_FPE                  0042623c     LIBCD:winxfltr.obj
 0003:00001240       __XcptActTabCount          00426240     LIBCD:winxfltr.obj
 0003:00001244       __fpecode                  00426244     LIBCD:winxfltr.obj
 0003:00001248       __NLG_Destination          00426248     LIBCD:exsup.obj
 0003:00001260       __cfltcvt_tab              00426260     LIBCD:cmiscdat.obj
 0003:0000163c       __cflush                   0042663c     LIBCD:_file.obj
 0003:00001654       __aenvptr                  00426654     LIBCD:crt0.obj
 0003:00001658       __wenvptr                  00426658     LIBCD:crt0.obj
 0003:0000165c       ___error_mode              0042665c     LIBCD:crt0.obj
 0003:00001660       _errno                     00426660     LIBCD:crt0dat.obj
 0003:00001664       __doserrno                 00426664     LIBCD:crt0dat.obj
 0003:00001668       __umaskval                 00426668     LIBCD:crt0dat.obj
 0003:0000166c       __osver                    0042666c     LIBCD:crt0dat.obj
 0003:00001670       __winver                   00426670     LIBCD:crt0dat.obj
 0003:00001674       __winmajor                 00426674     LIBCD:crt0dat.obj
 0003:00001678       __winminor                 00426678     LIBCD:crt0dat.obj
 0003:0000167c       ___argc                    0042667c     LIBCD:crt0dat.obj
 0003:00001680       ___argv                    00426680     LIBCD:crt0dat.obj
 0003:00001684       ___wargv                   00426684     LIBCD:crt0dat.obj
 0003:00001688       __environ                  00426688     LIBCD:crt0dat.obj
 0003:0000168c       ___initenv                 0042668c     LIBCD:crt0dat.obj
 0003:00001690       __wenviron                 00426690     LIBCD:crt0dat.obj
 0003:00001694       ___winitenv                00426694     LIBCD:crt0dat.obj
 0003:00001698       __pgmptr                   00426698     LIBCD:crt0dat.obj
 0003:0000169c       __wpgmptr                  0042669c     LIBCD:crt0dat.obj
 0003:000016a0       __exitflag                 004266a0     LIBCD:crt0dat.obj
 0003:000016a4       __C_Termination_Done       004266a4     LIBCD:crt0dat.obj
 0003:000016a8       __C_Exit_Done              004266a8     LIBCD:crt0dat.obj
 0003:000016b0       __fmode                    004266b0     LIBCD:txtmode.obj
 0003:000016b8       __stdbuf                   004266b8     LIBCD:_sftbuf.obj
 0003:000016d4       __adbgmsg                  004266d4     LIBCD:crt0msg.obj
 0003:000016d8       __newmode                  004266d8     LIBCD:_newmode.obj
 0003:000016dc       ?_pnhHeap@@3P6AHI@ZA       004266dc     LIBCD:handler.obj
 0003:000016e0       __pxcptinfoptrs            004266e0     LIBCD:winxfltr.obj
 0003:000017f8       __commode                  004267f8     LIBCD:ncommode.obj
 0003:00001804       ___lc_handle               00426804     LIBCD:nlsdata2.obj
 0003:0000181c       ___lc_codepage             0042681c     LIBCD:nlsdata2.obj
 0003:00001820       ___lc_collate_cp           00426820     LIBCD:nlsdata2.obj
 0003:00001828       ___mbcodepage              00426828     <common>
 0003:000018a0       ___mbulinfo                004268a0     <common>
 0003:000018ac       ___ismbcodepage            004268ac     <common>
 0003:000018c0       __mbcasemap                004268c0     <common>
 0003:000019c0       __mbctype                  004269c0     <common>
 0003:00001ac4       ___mblcid                  00426ac4     <common>
 0003:00001ac8       ___sbh_sizeHeaderList      00426ac8     <common>
 0003:00001ad8       ___sbh_indGroupDefer       00426ad8     <common>
 0003:00001adc       ___sbh_pHeaderScan         00426adc     <common>
 0003:00001ae0       ___sbh_pHeaderDefer        00426ae0     <common>
 0003:00001ae4       ___sbh_cntHeaderList       00426ae4     <common>
 0003:00001ae8       ___sbh_pHeaderList         00426ae8     <common>
 0003:00001aec       __crtheap                  00426aec     <common>
 0003:00001af8       __pfnReportHook            00426af8     <common>
 0003:00001b20       ___pioinfo                 00426b20     <common>
 0003:00001c5c       __nhandle                  00426c5c     <common>
 0003:00001c60       ___env_initialized         00426c60     <common>
 0003:00001c70       ___mbctype_initialized     00426c70     <common>
 0003:00001c74       ___onexitend               00426c74     <common>
 0003:00001c78       ___onexitbegin             00426c78     <common>
 0003:00001c7c       __FPinit                   00426c7c     <common>
 0003:00001c80       __acmdln                   00426c80     <common>
 0003:00001c8c       __pfnDumpClient            00426c8c     <common>
 0003:00001c98       ___piob                    00426c98     <common>
 0003:00001fe0       __bufin                    00426fe0     <common>
 0003:00002fe0       __nstream                  00427fe0     <common>
 0004:00000000       __IMPORT_DESCRIPTOR_libssl-3 00428000     libssl:libssl-3.dll
 0004:00000014       __IMPORT_DESCRIPTOR_libcrypto-3 00428014     libcrypto:libcrypto-3.dll
 0004:00000028       __IMPORT_DESCRIPTOR_WS2_32 00428028     ws2_32:WS2_32.dll
 0004:0000003c       __IMPORT_DESCRIPTOR_KERNEL32 0042803c     kernel32:KERNEL32.dll
 0004:00000050       __NULL_IMPORT_DESCRIPTOR   00428050     libssl:libssl-3.dll
 0004:000002ac       __imp__IsBadWritePtr@8     004282ac     kernel32:KERNEL32.dll
 0004:000002b0       __imp__LCMapStringW@24     004282b0     kernel32:KERNEL32.dll
 0004:000002b4       __imp__LCMapStringA@24     004282b4     kernel32:KERNEL32.dll
 0004:000002b8       __imp__GetOEMCP@0          004282b8     kernel32:KERNEL32.dll
 0004:000002bc       __imp__GetACP@0            004282bc     kernel32:KERNEL32.dll
 0004:000002c0       __imp__GetCPInfo@8         004282c0     kernel32:KERNEL32.dll
 0004:000002c4       __imp__GetStringTypeW@16   004282c4     kernel32:KERNEL32.dll
 0004:000002c8       __imp__GetStringTypeA@20   004282c8     kernel32:KERNEL32.dll
 0004:000002cc       __imp__MultiByteToWideChar@24 004282cc     kernel32:KERNEL32.dll
 0004:000002d0       __imp__RtlUnwind@16        004282d0     kernel32:KERNEL32.dll
 0004:000002d4       __imp__GetEnvironmentStringsW@0 004282d4     kernel32:KERNEL32.dll
 0004:000002d8       __imp__GetEnvironmentStrings@0 004282d8     kernel32:KERNEL32.dll
 0004:000002dc       __imp__WideCharToMultiByte@32 004282dc     kernel32:KERNEL32.dll
 0004:000002e0       __imp__FreeEnvironmentStringsW@4 004282e0     kernel32:KERNEL32.dll
 0004:000002e4       __imp__FreeEnvironmentStringsA@4 004282e4     kernel32:KERNEL32.dll
 0004:000002e8       __imp__UnhandledExceptionFilter@4 004282e8     kernel32:KERNEL32.dll
 0004:000002ec       __imp__VirtualAlloc@16     004282ec     kernel32:KERNEL32.dll
 0004:000002f0       __imp__VirtualFree@12      004282f0     kernel32:KERNEL32.dll
 0004:000002f4       __imp__HeapCreate@12       004282f4     kernel32:KERNEL32.dll
 0004:000002f8       __imp__HeapDestroy@4       004282f8     kernel32:KERNEL32.dll
 0004:000002fc       __imp__HeapFree@12         004282fc     kernel32:KERNEL32.dll
 0004:00000300       __imp__HeapReAlloc@16      00428300     kernel32:KERNEL32.dll
 0004:00000304       __imp__HeapAlloc@12        00428304     kernel32:KERNEL32.dll
 0004:00000308       __imp__SetConsoleCtrlHandler@8 00428308     kernel32:KERNEL32.dll
 0004:0000030c       __imp__GetModuleFileNameA@12 0042830c     kernel32:KERNEL32.dll
 0004:00000310       __imp__InterlockedIncrement@4 00428310     kernel32:KERNEL32.dll
 0004:00000314       __imp__LoadLibraryA@4      00428314     kernel32:KERNEL32.dll
 0004:00000318       __imp__GetProcAddress@8    00428318     kernel32:KERNEL32.dll
 0004:0000031c       __imp__OutputDebugStringA@4 0042831c     kernel32:KERNEL32.dll
 0004:00000320       __imp__InterlockedDecrement@4 00428320     kernel32:KERNEL32.dll
 0004:00000324       __imp__DebugBreak@0        00428324     kernel32:KERNEL32.dll
 0004:00000328       __imp__FlushFileBuffers@4  00428328     kernel32:KERNEL32.dll
 0004:0000032c       __imp__SetEndOfFile@4      0042832c     kernel32:KERNEL32.dll
 0004:00000330       __imp__GetStartupInfoA@4   00428330     kernel32:KERNEL32.dll
 0004:00000334       __imp__GetStdHandle@4      00428334     kernel32:KERNEL32.dll
 0004:00000338       __imp__SetHandleCount@4    00428338     kernel32:KERNEL32.dll
 0004:0000033c       __imp__GetCurrentProcess@0 0042833c     kernel32:KERNEL32.dll
 0004:00000340       __imp__TerminateProcess@8  00428340     kernel32:KERNEL32.dll
 0004:00000344       __imp__GetLastError@0      00428344     kernel32:KERNEL32.dll
 0004:00000348       __imp__CloseHandle@4       00428348     kernel32:KERNEL32.dll
 0004:0000034c       __imp__SetFilePointer@16   0042834c     kernel32:KERNEL32.dll
 0004:00000350       __imp__WriteFile@20        00428350     kernel32:KERNEL32.dll
 0004:00000354       __imp__ReadFile@20         00428354     kernel32:KERNEL32.dll
 0004:00000358       __imp__GetFileType@4       00428358     kernel32:KERNEL32.dll
 0004:0000035c       __imp__CreateFileA@28      0042835c     kernel32:KERNEL32.dll
 0004:00000360       __imp__IsBadReadPtr@8      00428360     kernel32:KERNEL32.dll
 0004:00000364       __imp__HeapValidate@12     00428364     kernel32:KERNEL32.dll
 0004:00000368       __imp__GetCommandLineA@0   00428368     kernel32:KERNEL32.dll
 0004:0000036c       __imp__GetVersion@0        0042836c     kernel32:KERNEL32.dll
 0004:00000370       __imp__ExitProcess@4       00428370     kernel32:KERNEL32.dll
 0004:00000374       __imp__SetStdHandle@8      00428374     kernel32:KERNEL32.dll
 0004:00000378       \177KERNEL32_NULL_THUNK_DATA 00428378     kernel32:KERNEL32.dll
 0004:000003cc       __imp__WSAStartup@8        004283cc     ws2_32:WS2_32.dll
 0004:000003d0       __imp__WSAGetLastError@0   004283d0     ws2_32:WS2_32.dll
 0004:000003d4       __imp__socket@12           004283d4     ws2_32:WS2_32.dll
 0004:000003d8       __imp__htons@4             004283d8     ws2_32:WS2_32.dll
 0004:000003dc       __imp__inet_addr@4         004283dc     ws2_32:WS2_32.dll
 0004:000003e0       __imp__inet_ntoa@4         004283e0     ws2_32:WS2_32.dll
 0004:000003e4       __imp__connect@12          004283e4     ws2_32:WS2_32.dll
 0004:000003e8       \177WS2_32_NULL_THUNK_DATA 004283e8     ws2_32:WS2_32.dll
 0004:00000418       __imp__OPENSSL_init_crypto 00428418     libcrypto:libcrypto-3.dll
 0004:0000041c       __imp__ERR_load_BIO_strings 0042841c     libcrypto:libcrypto-3.dll
 0004:00000420       __imp__BIO_s_file          00428420     libcrypto:libcrypto-3.dll
 0004:00000424       __imp__BIO_new             00428424     libcrypto:libcrypto-3.dll
 0004:00000428       __imp__BIO_new_fp          00428428     libcrypto:libcrypto-3.dll
 0004:0000042c       __imp__X509_NAME_new       0042842c     libcrypto:libcrypto-3.dll
 0004:00000430       __imp__X509_NAME_print_ex  00428430     libcrypto:libcrypto-3.dll
 0004:00000434       __imp__X509_get_subject_name 00428434     libcrypto:libcrypto-3.dll
 0004:00000438       __imp__X509_NAME_oneline   00428438     libcrypto:libcrypto-3.dll
 0004:0000043c       __imp__X509_get_issuer_name 0042843c     libcrypto:libcrypto-3.dll
 0004:00000440       __imp__X509_free           00428440     libcrypto:libcrypto-3.dll
 0004:00000444       __imp__ERR_print_errors_fp 00428444     libcrypto:libcrypto-3.dll
 0004:00000448       __imp__BIO_printf          00428448     libcrypto:libcrypto-3.dll
 0004:0000044c       \177libcrypto-3_NULL_THUNK_DATA 0042844c     libcrypto:libcrypto-3.dll
 0004:00000480       __imp__OPENSSL_init_ssl    00428480     libssl:libssl-3.dll
 0004:00000484       __imp__TLS_client_method   00428484     libssl:libssl-3.dll
 0004:00000488       __imp__SSL_CTX_new         00428488     libssl:libssl-3.dll
 0004:0000048c       __imp__SSL_CTX_set_options 0042848c     libssl:libssl-3.dll
 0004:00000490       __imp__SSL_new             00428490     libssl:libssl-3.dll
 0004:00000494       __imp__SSL_set_fd          00428494     libssl:libssl-3.dll
 0004:00000498       __imp__SSL_connect         00428498     libssl:libssl-3.dll
 0004:0000049c       __imp__SSL_write           0042849c     libssl:libssl-3.dll
 0004:000004a0       __imp__SSL_free            004284a0     libssl:libssl-3.dll
 0004:000004a4       __imp__SSL_CTX_free        004284a4     libssl:libssl-3.dll
 0004:000004a8       __imp__SSL_get1_peer_certificate 004284a8     libssl:libssl-3.dll
 0004:000004ac       __imp__SSL_CTX_use_certificate_file 004284ac     libssl:libssl-3.dll
 0004:000004b0       __imp__SSL_CTX_use_PrivateKey_file 004284b0     libssl:libssl-3.dll
 0004:000004b4       __imp__SSL_CTX_use_certificate_chain_file 004284b4     libssl:libssl-3.dll
 0004:000004b8       __imp__SSL_CTX_check_private_key 004284b8     libssl:libssl-3.dll
 0004:000004bc       \177libssl-3_NULL_THUNK_DATA 004284bc     libssl:libssl-3.dll

 entry point at        0001:00004fe0

